src/features/scanner/FilterScreen.tsx(24,3): error TS2353: Object literal may only specify known properties, and 'shadow' does not exist in type 'Record<ScannerFilter, string>'.
src/features/scanner/FilterScreen.tsx(32,5): error TS2322: Type '"shadow"' is not assignable to type 'ScannerFilter'.
src/features/scanner/pdfUtils.ts(42,3): error TS2353: Object literal may only specify known properties, and 'shadow' does not exist in type 'Record<ScannerFilter, string>'.
src/screens/AllDocumentsScreen.tsx(861,13): error TS1117: An object literal cannot have multiple properties with the same name.
